// Jest Snapshot v1, https://goo.gl/fbAQLP

exports[`Frontend Created 1`] = `
{
  "Mappings": {
    "AWSCloudFrontPartitionHostedZoneIdMap": {
      "aws": {
        "zoneId": "Z2FDTNDATAQYW2",
      },
      "aws-cn": {
        "zoneId": "Z3RFFRIM2A3IF5",
      },
    },
  },
  "Parameters": {
    "BootstrapVersion": {
      "Default": "/cdk-bootstrap/hnb659fds/version",
      "Description": "Version of the CDK Bootstrap resources in this environment, automatically retrieved from SSM Parameter Store. [cdk:skip]",
      "Type": "AWS::SSM::Parameter::Value<String>",
    },
  },
  "Resources": {
    "MyTestFrontendMyTestFrontendarecord2122C282": {
      "Properties": {
        "AliasTarget": {
          "DNSName": {
            "Fn::GetAtt": [
              "MyTestFrontendMyTestFrontenddistributionCFDistributionE6F8BA69",
              "DomainName",
            ],
          },
          "HostedZoneId": {
            "Fn::FindInMap": [
              "AWSCloudFrontPartitionHostedZoneIdMap",
              {
                "Ref": "AWS::Partition",
              },
              "zoneId",
            ],
          },
        },
        "HostedZoneId": "DUMMY",
        "Name": "myapp.example.com.",
        "Type": "A",
      },
      "Type": "AWS::Route53::RecordSet",
    },
    "MyTestFrontendMyTestFrontendbucketE6268FCD": {
      "DeletionPolicy": "Delete",
      "Properties": {
        "BucketName": "myapp.example.com",
        "PublicAccessBlockConfiguration": {
          "BlockPublicAcls": true,
          "BlockPublicPolicy": true,
          "IgnorePublicAcls": true,
          "RestrictPublicBuckets": true,
        },
        "WebsiteConfiguration": {
          "ErrorDocument": "index.html",
          "IndexDocument": "index.html",
        },
      },
      "Type": "AWS::S3::Bucket",
      "UpdateReplacePolicy": "Delete",
    },
    "MyTestFrontendMyTestFrontendbucketPolicyEBF483A8": {
      "Properties": {
        "Bucket": {
          "Ref": "MyTestFrontendMyTestFrontendbucketE6268FCD",
        },
        "PolicyDocument": {
          "Statement": [
            {
              "Action": "s3:GetObject*",
              "Effect": "Allow",
              "Principal": {
                "CanonicalUser": {
                  "Fn::GetAtt": [
                    "MyTestFrontendMyTestFrontendoriginaccessidentity60A8D7A4",
                    "S3CanonicalUserId",
                  ],
                },
              },
              "Resource": {
                "Fn::Join": [
                  "",
                  [
                    {
                      "Fn::GetAtt": [
                        "MyTestFrontendMyTestFrontendbucketE6268FCD",
                        "Arn",
                      ],
                    },
                    "/*",
                  ],
                ],
              },
            },
            {
              "Action": "s3:ListBucket",
              "Effect": "Allow",
              "Principal": {
                "CanonicalUser": {
                  "Fn::GetAtt": [
                    "MyTestFrontendMyTestFrontendoriginaccessidentity60A8D7A4",
                    "S3CanonicalUserId",
                  ],
                },
              },
              "Resource": {
                "Fn::GetAtt": [
                  "MyTestFrontendMyTestFrontendbucketE6268FCD",
                  "Arn",
                ],
              },
            },
            {
              "Action": "s3:GetObject",
              "Effect": "Allow",
              "Principal": {
                "CanonicalUser": {
                  "Fn::GetAtt": [
                    "MyTestFrontendMyTestFrontendoriginaccessidentity60A8D7A4",
                    "S3CanonicalUserId",
                  ],
                },
              },
              "Resource": {
                "Fn::Join": [
                  "",
                  [
                    {
                      "Fn::GetAtt": [
                        "MyTestFrontendMyTestFrontendbucketE6268FCD",
                        "Arn",
                      ],
                    },
                    "/*",
                  ],
                ],
              },
            },
          ],
          "Version": "2012-10-17",
        },
      },
      "Type": "AWS::S3::BucketPolicy",
    },
    "MyTestFrontendMyTestFrontendcertificateCertificateRequestorFunction822D86CA": {
      "DependsOn": [
        "MyTestFrontendMyTestFrontendcertificateCertificateRequestorFunctionServiceRoleDefaultPolicy1719F132",
        "MyTestFrontendMyTestFrontendcertificateCertificateRequestorFunctionServiceRole586510A7",
      ],
      "Properties": {
        "Code": {
          "S3Bucket": "cdk-hnb659fds-assets-123456789012-us-east-1",
          "S3Key": "861509f9607aa6bb9fd7034fb10fe6f0c60d91dfd7f010b9ef666869dec9bbd9.zip",
        },
        "Handler": "index.certificateRequestHandler",
        "Role": {
          "Fn::GetAtt": [
            "MyTestFrontendMyTestFrontendcertificateCertificateRequestorFunctionServiceRole586510A7",
            "Arn",
          ],
        },
        "Runtime": "nodejs14.x",
        "Timeout": 900,
      },
      "Type": "AWS::Lambda::Function",
    },
    "MyTestFrontendMyTestFrontendcertificateCertificateRequestorFunctionServiceRole586510A7": {
      "Properties": {
        "AssumeRolePolicyDocument": {
          "Statement": [
            {
              "Action": "sts:AssumeRole",
              "Effect": "Allow",
              "Principal": {
                "Service": "lambda.amazonaws.com",
              },
            },
          ],
          "Version": "2012-10-17",
        },
        "ManagedPolicyArns": [
          {
            "Fn::Join": [
              "",
              [
                "arn:",
                {
                  "Ref": "AWS::Partition",
                },
                ":iam::aws:policy/service-role/AWSLambdaBasicExecutionRole",
              ],
            ],
          },
        ],
      },
      "Type": "AWS::IAM::Role",
    },
    "MyTestFrontendMyTestFrontendcertificateCertificateRequestorFunctionServiceRoleDefaultPolicy1719F132": {
      "Properties": {
        "PolicyDocument": {
          "Statement": [
            {
              "Action": [
                "acm:RequestCertificate",
                "acm:DescribeCertificate",
                "acm:DeleteCertificate",
                "acm:AddTagsToCertificate",
              ],
              "Effect": "Allow",
              "Resource": "*",
            },
            {
              "Action": "route53:GetChange",
              "Effect": "Allow",
              "Resource": "*",
            },
            {
              "Action": "route53:changeResourceRecordSets",
              "Condition": {
                "ForAllValues:StringEquals": {
                  "route53:ChangeResourceRecordSetsActions": [
                    "UPSERT",
                  ],
                  "route53:ChangeResourceRecordSetsRecordTypes": [
                    "CNAME",
                  ],
                },
                "ForAllValues:StringLike": {
                  "route53:ChangeResourceRecordSetsNormalizedRecordNames": [
                    "*.myapp.example.com",
                  ],
                },
              },
              "Effect": "Allow",
              "Resource": {
                "Fn::Join": [
                  "",
                  [
                    "arn:",
                    {
                      "Ref": "AWS::Partition",
                    },
                    ":route53:::hostedzone/DUMMY",
                  ],
                ],
              },
            },
          ],
          "Version": "2012-10-17",
        },
        "PolicyName": "MyTestFrontendMyTestFrontendcertificateCertificateRequestorFunctionServiceRoleDefaultPolicy1719F132",
        "Roles": [
          {
            "Ref": "MyTestFrontendMyTestFrontendcertificateCertificateRequestorFunctionServiceRole586510A7",
          },
        ],
      },
      "Type": "AWS::IAM::Policy",
    },
    "MyTestFrontendMyTestFrontendcertificateCertificateRequestorResource3D675D18": {
      "DeletionPolicy": "Delete",
      "Properties": {
        "DomainName": "myapp.example.com",
        "HostedZoneId": "DUMMY",
        "Region": "us-east-1",
        "ServiceToken": {
          "Fn::GetAtt": [
            "MyTestFrontendMyTestFrontendcertificateCertificateRequestorFunction822D86CA",
            "Arn",
          ],
        },
      },
      "Type": "AWS::CloudFormation::CustomResource",
      "UpdateReplacePolicy": "Delete",
    },
    "MyTestFrontendMyTestFrontenddistributionCFDistributionE6F8BA69": {
      "Properties": {
        "DistributionConfig": {
          "Aliases": [
            "myapp.example.com",
          ],
          "CacheBehaviors": [
            {
              "AllowedMethods": [
                "GET",
                "HEAD",
              ],
              "CachedMethods": [
                "GET",
                "HEAD",
              ],
              "Compress": true,
              "DefaultTTL": 0,
              "ForwardedValues": {
                "Cookies": {
                  "Forward": "none",
                },
                "QueryString": false,
              },
              "MaxTTL": 0,
              "MinTTL": 0,
              "PathPattern": "/index.html",
              "TargetOriginId": "origin1",
              "ViewerProtocolPolicy": "redirect-to-https",
            },
            {
              "AllowedMethods": [
                "GET",
                "HEAD",
              ],
              "CachedMethods": [
                "GET",
                "HEAD",
              ],
              "Compress": true,
              "DefaultTTL": 0,
              "ForwardedValues": {
                "Cookies": {
                  "Forward": "none",
                },
                "QueryString": false,
              },
              "MaxTTL": 0,
              "MinTTL": 0,
              "PathPattern": "/version.txt",
              "TargetOriginId": "origin1",
              "ViewerProtocolPolicy": "redirect-to-https",
            },
            {
              "AllowedMethods": [
                "DELETE",
                "GET",
                "HEAD",
                "OPTIONS",
                "PATCH",
                "POST",
                "PUT",
              ],
              "CachedMethods": [
                "GET",
                "HEAD",
              ],
              "Compress": true,
              "ForwardedValues": {
                "Cookies": {
                  "Forward": "all",
                },
                "Headers": [
                  "*",
                ],
                "QueryString": true,
              },
              "PathPattern": "/api/v1/users",
              "TargetOriginId": "origin2",
              "ViewerProtocolPolicy": "redirect-to-https",
            },
          ],
          "CustomErrorResponses": [
            {
              "ErrorCachingMinTTL": 0,
              "ErrorCode": 404,
              "ResponseCode": 200,
              "ResponsePagePath": "/index.html",
            },
          ],
          "DefaultCacheBehavior": {
            "AllowedMethods": [
              "GET",
              "HEAD",
            ],
            "CachedMethods": [
              "GET",
              "HEAD",
            ],
            "Compress": true,
            "ForwardedValues": {
              "Cookies": {
                "Forward": "none",
              },
              "QueryString": false,
            },
            "TargetOriginId": "origin1",
            "ViewerProtocolPolicy": "redirect-to-https",
          },
          "DefaultRootObject": "index.html",
          "Enabled": true,
          "HttpVersion": "http2",
          "IPV6Enabled": true,
          "Origins": [
            {
              "ConnectionAttempts": 3,
              "ConnectionTimeout": 10,
              "DomainName": {
                "Fn::GetAtt": [
                  "MyTestFrontendMyTestFrontendbucketE6268FCD",
                  "RegionalDomainName",
                ],
              },
              "Id": "origin1",
              "S3OriginConfig": {
                "OriginAccessIdentity": {
                  "Fn::Join": [
                    "",
                    [
                      "origin-access-identity/cloudfront/",
                      {
                        "Ref": "MyTestFrontendMyTestFrontendoriginaccessidentity60A8D7A4",
                      },
                    ],
                  ],
                },
              },
            },
            {
              "ConnectionAttempts": 3,
              "ConnectionTimeout": 10,
              "CustomOriginConfig": {
                "HTTPPort": 80,
                "HTTPSPort": 443,
                "OriginKeepaliveTimeout": 60,
                "OriginProtocolPolicy": "http-only",
                "OriginReadTimeout": 60,
                "OriginSSLProtocols": [
                  "TLSv1.2",
                ],
              },
              "DomainName": "https://example.com",
              "Id": "origin2",
            },
          ],
          "PriceClass": "PriceClass_100",
          "ViewerCertificate": {
            "AcmCertificateArn": {
              "Fn::GetAtt": [
                "MyTestFrontendMyTestFrontendcertificateCertificateRequestorResource3D675D18",
                "Arn",
              ],
            },
            "MinimumProtocolVersion": "TLSv1.2_2021",
            "SslSupportMethod": "sni-only",
          },
        },
      },
      "Type": "AWS::CloudFront::Distribution",
    },
    "MyTestFrontendMyTestFrontendoriginaccessidentity60A8D7A4": {
      "Properties": {
        "CloudFrontOriginAccessIdentityConfig": {
          "Comment": "Access bucket myapp.example.com only from Cloudfront",
        },
      },
      "Type": "AWS::CloudFront::CloudFrontOriginAccessIdentity",
    },
  },
  "Rules": {
    "CheckBootstrapVersion": {
      "Assertions": [
        {
          "Assert": {
            "Fn::Not": [
              {
                "Fn::Contains": [
                  [
                    "1",
                    "2",
                    "3",
                    "4",
                    "5",
                  ],
                  {
                    "Ref": "BootstrapVersion",
                  },
                ],
              },
            ],
          },
          "AssertDescription": "CDK bootstrap stack version 6 required. Please run 'cdk bootstrap' with a recent version of the CDK CLI.",
        },
      ],
    },
  },
}
`;
