// Jest Snapshot v1, https://goo.gl/fbAQLP

exports[`Pipeline Created 1`] = `
Object {
  "Parameters": Object {
    "BootstrapVersion": Object {
      "Default": "/cdk-bootstrap/hnb659fds/version",
      "Description": "Version of the CDK Bootstrap resources in this environment, automatically retrieved from SSM Parameter Store. [cdk:skip]",
      "Type": "AWS::SSM::Parameter::Value<String>",
    },
    "SsmParameterValuefindyissuertoolgithubconnectionarnC96584B6F00A464EAD1953AFF4B05118Parameter": Object {
      "Default": "/findy-issuer-tool/github-connection-arn",
      "Type": "AWS::SSM::Parameter::Value<String>",
    },
  },
  "Resources": Object {
    "FindyIssuerToolPipelineNotificationRule81DF5240": Object {
      "Properties": Object {
        "DetailType": "FULL",
        "EventTypeIds": Array [
          "codepipeline-pipeline-pipeline-execution-failed",
          "codepipeline-pipeline-pipeline-execution-canceled",
          "codepipeline-pipeline-pipeline-execution-started",
          "codepipeline-pipeline-pipeline-execution-resumed",
          "codepipeline-pipeline-pipeline-execution-succeeded",
        ],
        "Name": "MyTestStackFindyIssuerToolPipelineNotificationRuleCFB3AA64",
        "Resource": Object {
          "Fn::Join": Array [
            "",
            Array [
              "arn:",
              Object {
                "Ref": "AWS::Partition",
              },
              ":codepipeline:us-east-1:123456789012:",
              Object {
                "Ref": "Pipeline9850B417",
              },
            ],
          ],
        },
        "Targets": Array [
          Object {
            "TargetAddress": Object {
              "Ref": "FindyIssuerToolPipelineNotificationTopic5F221E09",
            },
            "TargetType": "SNS",
          },
        ],
      },
      "Type": "AWS::CodeStarNotifications::NotificationRule",
    },
    "FindyIssuerToolPipelineNotificationTopic5F221E09": Object {
      "Type": "AWS::SNS::Topic",
    },
    "FindyIssuerToolPipelineNotificationTopicPolicy16A99F54": Object {
      "Properties": Object {
        "PolicyDocument": Object {
          "Statement": Array [
            Object {
              "Action": "sns:Publish",
              "Effect": "Allow",
              "Principal": Object {
                "Service": "codestar-notifications.amazonaws.com",
              },
              "Resource": Object {
                "Ref": "FindyIssuerToolPipelineNotificationTopic5F221E09",
              },
              "Sid": "0",
            },
          ],
          "Version": "2012-10-17",
        },
        "Topics": Array [
          Object {
            "Ref": "FindyIssuerToolPipelineNotificationTopic5F221E09",
          },
        ],
      },
      "Type": "AWS::SNS::TopicPolicy",
    },
    "LogRetention24A64A1B58": Object {
      "Properties": Object {
        "LogGroupName": Object {
          "Fn::Join": Array [
            "",
            Array [
              "/aws/codebuild/",
              Object {
                "Ref": "PipelineBuildSynthStepCdkBuildProject7FBB5116",
              },
            ],
          ],
        },
        "RetentionInDays": 30,
        "ServiceToken": Object {
          "Fn::GetAtt": Array [
            "LogRetentionaae0aa3c5b4d4f87b02d85b201efdd8aFD4BFC8A",
            "Arn",
          ],
        },
      },
      "Type": "Custom::LogRetention",
    },
    "LogRetention3872C4DCFD": Object {
      "Properties": Object {
        "LogGroupName": Object {
          "Fn::Join": Array [
            "",
            Array [
              "/aws/codebuild/",
              Object {
                "Ref": "PipelineDeployFindyIssuerToolBuildFrontendStepEB1DDBA3",
              },
            ],
          ],
        },
        "RetentionInDays": 30,
        "ServiceToken": Object {
          "Fn::GetAtt": Array [
            "LogRetentionaae0aa3c5b4d4f87b02d85b201efdd8aFD4BFC8A",
            "Arn",
          ],
        },
      },
      "Type": "Custom::LogRetention",
    },
    "LogRetention45623AAC83": Object {
      "Properties": Object {
        "LogGroupName": Object {
          "Fn::Join": Array [
            "",
            Array [
              "/aws/codebuild/",
              Object {
                "Ref": "PipelineDeployFindyIssuerToolDeployBackendStepF56DD232",
              },
            ],
          ],
        },
        "RetentionInDays": 30,
        "ServiceToken": Object {
          "Fn::GetAtt": Array [
            "LogRetentionaae0aa3c5b4d4f87b02d85b201efdd8aFD4BFC8A",
            "Arn",
          ],
        },
      },
      "Type": "Custom::LogRetention",
    },
    "LogRetention4868A8D056": Object {
      "Properties": Object {
        "LogGroupName": Object {
          "Fn::Join": Array [
            "",
            Array [
              "/aws/codebuild/",
              Object {
                "Ref": "PipelineDeployFindyIssuerToolDeployFrontendStepF2CCADA2",
              },
            ],
          ],
        },
        "RetentionInDays": 30,
        "ServiceToken": Object {
          "Fn::GetAtt": Array [
            "LogRetentionaae0aa3c5b4d4f87b02d85b201efdd8aFD4BFC8A",
            "Arn",
          ],
        },
      },
      "Type": "Custom::LogRetention",
    },
    "LogRetention551F0A7C82": Object {
      "Properties": Object {
        "LogGroupName": Object {
          "Fn::Join": Array [
            "",
            Array [
              "/aws/codebuild/",
              Object {
                "Ref": "PipelineDeployFindyIssuerToolDeploymentTest826DD53C",
              },
            ],
          ],
        },
        "RetentionInDays": 30,
        "ServiceToken": Object {
          "Fn::GetAtt": Array [
            "LogRetentionaae0aa3c5b4d4f87b02d85b201efdd8aFD4BFC8A",
            "Arn",
          ],
        },
      },
      "Type": "Custom::LogRetention",
    },
    "LogRetention719F3AAC11": Object {
      "Properties": Object {
        "LogGroupName": Object {
          "Fn::Join": Array [
            "",
            Array [
              "/aws/codebuild/",
              Object {
                "Ref": "PipelineUpdatePipelineSelfMutationDAA41400",
              },
            ],
          ],
        },
        "RetentionInDays": 30,
        "ServiceToken": Object {
          "Fn::GetAtt": Array [
            "LogRetentionaae0aa3c5b4d4f87b02d85b201efdd8aFD4BFC8A",
            "Arn",
          ],
        },
      },
      "Type": "Custom::LogRetention",
    },
    "LogRetention82BE3E71E1": Object {
      "Properties": Object {
        "LogGroupName": Object {
          "Fn::Join": Array [
            "",
            Array [
              "/aws/codebuild/",
              Object {
                "Ref": "PipelineAssetsFileAsset185A67CB4",
              },
            ],
          ],
        },
        "RetentionInDays": 30,
        "ServiceToken": Object {
          "Fn::GetAtt": Array [
            "LogRetentionaae0aa3c5b4d4f87b02d85b201efdd8aFD4BFC8A",
            "Arn",
          ],
        },
      },
      "Type": "Custom::LogRetention",
    },
    "LogRetentionaae0aa3c5b4d4f87b02d85b201efdd8aFD4BFC8A": Object {
      "DependsOn": Array [
        "LogRetentionaae0aa3c5b4d4f87b02d85b201efdd8aServiceRoleDefaultPolicyADDA7DEB",
        "LogRetentionaae0aa3c5b4d4f87b02d85b201efdd8aServiceRole9741ECFB",
      ],
      "Properties": Object {
        "Code": Object {
          "S3Bucket": "cdk-hnb659fds-assets-123456789012-us-east-1",
          "S3Key": "eb5b005c858404ea0c8f68098ed5dcdf5340e02461f149751d10f59c210d5ef8.zip",
        },
        "Handler": "index.handler",
        "Role": Object {
          "Fn::GetAtt": Array [
            "LogRetentionaae0aa3c5b4d4f87b02d85b201efdd8aServiceRole9741ECFB",
            "Arn",
          ],
        },
        "Runtime": "nodejs14.x",
      },
      "Type": "AWS::Lambda::Function",
    },
    "LogRetentionaae0aa3c5b4d4f87b02d85b201efdd8aServiceRole9741ECFB": Object {
      "Properties": Object {
        "AssumeRolePolicyDocument": Object {
          "Statement": Array [
            Object {
              "Action": "sts:AssumeRole",
              "Effect": "Allow",
              "Principal": Object {
                "Service": "lambda.amazonaws.com",
              },
            },
          ],
          "Version": "2012-10-17",
        },
        "ManagedPolicyArns": Array [
          Object {
            "Fn::Join": Array [
              "",
              Array [
                "arn:",
                Object {
                  "Ref": "AWS::Partition",
                },
                ":iam::aws:policy/service-role/AWSLambdaBasicExecutionRole",
              ],
            ],
          },
        ],
      },
      "Type": "AWS::IAM::Role",
    },
    "LogRetentionaae0aa3c5b4d4f87b02d85b201efdd8aServiceRoleDefaultPolicyADDA7DEB": Object {
      "Properties": Object {
        "PolicyDocument": Object {
          "Statement": Array [
            Object {
              "Action": Array [
                "logs:PutRetentionPolicy",
                "logs:DeleteRetentionPolicy",
              ],
              "Effect": "Allow",
              "Resource": "*",
            },
          ],
          "Version": "2012-10-17",
        },
        "PolicyName": "LogRetentionaae0aa3c5b4d4f87b02d85b201efdd8aServiceRoleDefaultPolicyADDA7DEB",
        "Roles": Array [
          Object {
            "Ref": "LogRetentionaae0aa3c5b4d4f87b02d85b201efdd8aServiceRole9741ECFB",
          },
        ],
      },
      "Type": "AWS::IAM::Policy",
    },
    "MyTestStackconfbucket3F056BA4": Object {
      "DeletionPolicy": "Delete",
      "Properties": Object {
        "BucketName": "myteststack-conf-bucket",
        "PublicAccessBlockConfiguration": Object {
          "BlockPublicAcls": true,
          "BlockPublicPolicy": true,
          "IgnorePublicAcls": true,
          "RestrictPublicBuckets": true,
        },
      },
      "Type": "AWS::S3::Bucket",
      "UpdateReplacePolicy": "Delete",
    },
    "MyTestStackdeployroleB4A9E465": Object {
      "Properties": Object {
        "AssumeRolePolicyDocument": Object {
          "Statement": Array [
            Object {
              "Action": "sts:AssumeRole",
              "Effect": "Allow",
              "Principal": Object {
                "Service": "codebuild.amazonaws.com",
              },
            },
          ],
          "Version": "2012-10-17",
        },
      },
      "Type": "AWS::IAM::Role",
    },
    "MyTestStackdeployroleDefaultPolicy4A926C3A": Object {
      "Properties": Object {
        "PolicyDocument": Object {
          "Statement": Array [
            Object {
              "Action": Array [
                "elasticbeanstalk:*",
                "ec2:*",
                "ecr:*",
                "autoscaling:*",
                "cloudformation:*",
                "logs:*",
                "iam:PutRolePolicy",
                "s3:PutObject",
                "s3:PutObjectAcl",
                "s3:ListBucket",
                "s3:DeleteObject",
                "s3:Get*",
                "s3:CreateBucket",
              ],
              "Effect": "Allow",
              "Resource": "*",
            },
            Object {
              "Action": "ssm:GetParameters",
              "Effect": "Allow",
              "Resource": Array [
                Object {
                  "Fn::Join": Array [
                    "",
                    Array [
                      "arn:",
                      Object {
                        "Ref": "AWS::Partition",
                      },
                      ":ssm:us-east-1:123456789012:parameter/findy-issuer-tool/domain-name",
                    ],
                  ],
                },
                Object {
                  "Fn::Join": Array [
                    "",
                    Array [
                      "arn:",
                      Object {
                        "Ref": "AWS::Partition",
                      },
                      ":ssm:us-east-1:123456789012:parameter/findy-issuer-tool/sub-domain-name",
                    ],
                  ],
                },
                Object {
                  "Fn::Join": Array [
                    "",
                    Array [
                      "arn:",
                      Object {
                        "Ref": "AWS::Partition",
                      },
                      ":ssm:us-east-1:123456789012:parameter/findy-issuer-tool/wallet-domain-name",
                    ],
                  ],
                },
              ],
            },
            Object {
              "Action": Array [
                "logs:CreateLogGroup",
                "logs:CreateLogStream",
                "logs:PutLogEvents",
              ],
              "Effect": "Allow",
              "Resource": Array [
                Object {
                  "Fn::Join": Array [
                    "",
                    Array [
                      "arn:",
                      Object {
                        "Ref": "AWS::Partition",
                      },
                      ":logs:us-east-1:123456789012:log-group:/aws/codebuild/",
                      Object {
                        "Ref": "PipelineDeployFindyIssuerToolDeployBackendStepF56DD232",
                      },
                    ],
                  ],
                },
                Object {
                  "Fn::Join": Array [
                    "",
                    Array [
                      "arn:",
                      Object {
                        "Ref": "AWS::Partition",
                      },
                      ":logs:us-east-1:123456789012:log-group:/aws/codebuild/",
                      Object {
                        "Ref": "PipelineDeployFindyIssuerToolDeployBackendStepF56DD232",
                      },
                      ":*",
                    ],
                  ],
                },
              ],
            },
            Object {
              "Action": Array [
                "codebuild:CreateReportGroup",
                "codebuild:CreateReport",
                "codebuild:UpdateReport",
                "codebuild:BatchPutTestCases",
                "codebuild:BatchPutCodeCoverages",
              ],
              "Effect": "Allow",
              "Resource": Object {
                "Fn::Join": Array [
                  "",
                  Array [
                    "arn:",
                    Object {
                      "Ref": "AWS::Partition",
                    },
                    ":codebuild:us-east-1:123456789012:report-group/",
                    Object {
                      "Ref": "PipelineDeployFindyIssuerToolDeployBackendStepF56DD232",
                    },
                    "-*",
                  ],
                ],
              },
            },
            Object {
              "Action": Array [
                "s3:GetObject*",
                "s3:GetBucket*",
                "s3:List*",
              ],
              "Effect": "Allow",
              "Resource": Array [
                Object {
                  "Fn::GetAtt": Array [
                    "PipelineArtifactsBucketAEA9A052",
                    "Arn",
                  ],
                },
                Object {
                  "Fn::Join": Array [
                    "",
                    Array [
                      Object {
                        "Fn::GetAtt": Array [
                          "PipelineArtifactsBucketAEA9A052",
                          "Arn",
                        ],
                      },
                      "/*",
                    ],
                  ],
                },
              ],
            },
          ],
          "Version": "2012-10-17",
        },
        "PolicyName": "MyTestStackdeployroleDefaultPolicy4A926C3A",
        "Roles": Array [
          Object {
            "Ref": "MyTestStackdeployroleB4A9E465",
          },
        ],
      },
      "Type": "AWS::IAM::Policy",
    },
    "Pipeline9850B417": Object {
      "DependsOn": Array [
        "PipelineRoleDefaultPolicy7BDC1ABB",
        "PipelineRoleB27FAA37",
      ],
      "Properties": Object {
        "ArtifactStore": Object {
          "Location": Object {
            "Ref": "PipelineArtifactsBucketAEA9A052",
          },
          "Type": "S3",
        },
        "Name": "FindyIssuerToolPipeline",
        "RestartExecutionOnUpdate": true,
        "RoleArn": Object {
          "Fn::GetAtt": Array [
            "PipelineRoleB27FAA37",
            "Arn",
          ],
        },
        "Stages": Array [
          Object {
            "Actions": Array [
              Object {
                "ActionTypeId": Object {
                  "Category": "Source",
                  "Owner": "AWS",
                  "Provider": "CodeStarSourceConnection",
                  "Version": "1",
                },
                "Configuration": Object {
                  "BranchName": "master",
                  "ConnectionArn": Object {
                    "Ref": "SsmParameterValuefindyissuertoolgithubconnectionarnC96584B6F00A464EAD1953AFF4B05118Parameter",
                  },
                  "FullRepositoryId": "findy-network/findy-issuer-tool",
                },
                "Name": "findy-network_findy-issuer-tool",
                "OutputArtifacts": Array [
                  Object {
                    "Name": "findy_network_findy_issuer_tool_Source",
                  },
                ],
                "RoleArn": Object {
                  "Fn::GetAtt": Array [
                    "PipelineSourcefindynetworkfindyissuertoolCodePipelineActionRole8D8B732F",
                    "Arn",
                  ],
                },
                "RunOrder": 1,
              },
            ],
            "Name": "Source",
          },
          Object {
            "Actions": Array [
              Object {
                "ActionTypeId": Object {
                  "Category": "Build",
                  "Owner": "AWS",
                  "Provider": "CodeBuild",
                  "Version": "1",
                },
                "Configuration": Object {
                  "EnvironmentVariables": "[{\\"name\\":\\"_PROJECT_CONFIG_HASH\\",\\"type\\":\\"PLAINTEXT\\",\\"value\\":\\"23c75891ff0c166e9f8fb953a323d288316933058cf9089775b034cd9a7baffd\\"}]",
                  "ProjectName": Object {
                    "Ref": "PipelineBuildSynthStepCdkBuildProject7FBB5116",
                  },
                },
                "InputArtifacts": Array [
                  Object {
                    "Name": "findy_network_findy_issuer_tool_Source",
                  },
                ],
                "Name": "SynthStep",
                "OutputArtifacts": Array [
                  Object {
                    "Name": "SynthStep_Output",
                  },
                ],
                "RoleArn": Object {
                  "Fn::GetAtt": Array [
                    "PipelineCodeBuildActionRole226DB0CB",
                    "Arn",
                  ],
                },
                "RunOrder": 1,
              },
            ],
            "Name": "Build",
          },
          Object {
            "Actions": Array [
              Object {
                "ActionTypeId": Object {
                  "Category": "Build",
                  "Owner": "AWS",
                  "Provider": "CodeBuild",
                  "Version": "1",
                },
                "Configuration": Object {
                  "EnvironmentVariables": "[{\\"name\\":\\"_PROJECT_CONFIG_HASH\\",\\"type\\":\\"PLAINTEXT\\",\\"value\\":\\"14acd4fdbdcea77081957633fe5e486757babea9a34fd8635ca76d3a8b489a9b\\"}]",
                  "ProjectName": Object {
                    "Ref": "PipelineUpdatePipelineSelfMutationDAA41400",
                  },
                },
                "InputArtifacts": Array [
                  Object {
                    "Name": "SynthStep_Output",
                  },
                ],
                "Name": "SelfMutate",
                "RoleArn": Object {
                  "Fn::GetAtt": Array [
                    "PipelineCodeBuildActionRole226DB0CB",
                    "Arn",
                  ],
                },
                "RunOrder": 1,
              },
            ],
            "Name": "UpdatePipeline",
          },
          Object {
            "Actions": Array [
              Object {
                "ActionTypeId": Object {
                  "Category": "Build",
                  "Owner": "AWS",
                  "Provider": "CodeBuild",
                  "Version": "1",
                },
                "Configuration": Object {
                  "ProjectName": Object {
                    "Ref": "PipelineAssetsFileAsset185A67CB4",
                  },
                },
                "InputArtifacts": Array [
                  Object {
                    "Name": "SynthStep_Output",
                  },
                ],
                "Name": "FileAsset1",
                "RoleArn": Object {
                  "Fn::GetAtt": Array [
                    "PipelineCodeBuildActionRole226DB0CB",
                    "Arn",
                  ],
                },
                "RunOrder": 1,
              },
            ],
            "Name": "Assets",
          },
          Object {
            "Actions": Array [
              Object {
                "ActionTypeId": Object {
                  "Category": "Deploy",
                  "Owner": "AWS",
                  "Provider": "CloudFormation",
                  "Version": "1",
                },
                "Configuration": Object {
                  "ActionMode": "CHANGE_SET_REPLACE",
                  "Capabilities": "CAPABILITY_NAMED_IAM,CAPABILITY_AUTO_EXPAND",
                  "ChangeSetName": "PipelineChange",
                  "RoleArn": Object {
                    "Fn::Join": Array [
                      "",
                      Array [
                        "arn:",
                        Object {
                          "Ref": "AWS::Partition",
                        },
                        ":iam::123456789012:role/cdk-hnb659fds-cfn-exec-role-123456789012-us-east-1",
                      ],
                    ],
                  },
                  "StackName": "Deploy-FindyIssuerToolInfraStack",
                  "TemplatePath": "SynthStep_Output::assembly-MyTestStack-Deploy/MyTestStackDeployFindyIssuerToolInfraStack703E1CDB.template.json",
                },
                "InputArtifacts": Array [
                  Object {
                    "Name": "SynthStep_Output",
                  },
                ],
                "Name": "FindyIssuerToolInfraStack.Prepare",
                "RoleArn": Object {
                  "Fn::Join": Array [
                    "",
                    Array [
                      "arn:",
                      Object {
                        "Ref": "AWS::Partition",
                      },
                      ":iam::123456789012:role/cdk-hnb659fds-deploy-role-123456789012-us-east-1",
                    ],
                  ],
                },
                "RunOrder": 1,
              },
              Object {
                "ActionTypeId": Object {
                  "Category": "Deploy",
                  "Owner": "AWS",
                  "Provider": "CloudFormation",
                  "Version": "1",
                },
                "Configuration": Object {
                  "ActionMode": "CHANGE_SET_EXECUTE",
                  "ChangeSetName": "PipelineChange",
                  "StackName": "Deploy-FindyIssuerToolInfraStack",
                },
                "Name": "FindyIssuerToolInfraStack.Deploy",
                "Namespace": "MyTestStackDeployFindyIssuerToolInfraStack703E1CDB",
                "RoleArn": Object {
                  "Fn::Join": Array [
                    "",
                    Array [
                      "arn:",
                      Object {
                        "Ref": "AWS::Partition",
                      },
                      ":iam::123456789012:role/cdk-hnb659fds-deploy-role-123456789012-us-east-1",
                    ],
                  ],
                },
                "RunOrder": 2,
              },
              Object {
                "ActionTypeId": Object {
                  "Category": "Build",
                  "Owner": "AWS",
                  "Provider": "CodeBuild",
                  "Version": "1",
                },
                "Configuration": Object {
                  "ProjectName": Object {
                    "Ref": "PipelineDeployFindyIssuerToolBuildFrontendStepEB1DDBA3",
                  },
                },
                "InputArtifacts": Array [
                  Object {
                    "Name": "findy_network_findy_issuer_tool_Source",
                  },
                ],
                "Name": "FindyIssuerToolBuildFrontendStep",
                "OutputArtifacts": Array [
                  Object {
                    "Name": "FindyIssuerToolBuildFrontendStep_Output",
                  },
                ],
                "RoleArn": Object {
                  "Fn::GetAtt": Array [
                    "PipelineCodeBuildActionRole226DB0CB",
                    "Arn",
                  ],
                },
                "RunOrder": 3,
              },
              Object {
                "ActionTypeId": Object {
                  "Category": "Build",
                  "Owner": "AWS",
                  "Provider": "CodeBuild",
                  "Version": "1",
                },
                "Configuration": Object {
                  "EnvironmentVariables": "[{\\"name\\":\\"APP_NAME\\",\\"type\\":\\"PLAINTEXT\\",\\"value\\":\\"#{MyTestStackDeployFindyIssuerToolInfraStack703E1CDB.AppName}\\"},{\\"name\\":\\"ENV_NAME\\",\\"type\\":\\"PLAINTEXT\\",\\"value\\":\\"#{MyTestStackDeployFindyIssuerToolInfraStack703E1CDB.EnvName}\\"}]",
                  "ProjectName": Object {
                    "Ref": "PipelineDeployFindyIssuerToolDeployBackendStepF56DD232",
                  },
                },
                "InputArtifacts": Array [
                  Object {
                    "Name": "findy_network_findy_issuer_tool_Source",
                  },
                ],
                "Name": "FindyIssuerToolDeployBackendStep",
                "RoleArn": Object {
                  "Fn::GetAtt": Array [
                    "PipelineCodeBuildActionRole226DB0CB",
                    "Arn",
                  ],
                },
                "RunOrder": 3,
              },
              Object {
                "ActionTypeId": Object {
                  "Category": "Build",
                  "Owner": "AWS",
                  "Provider": "CodeBuild",
                  "Version": "1",
                },
                "Configuration": Object {
                  "ProjectName": Object {
                    "Ref": "PipelineDeployFindyIssuerToolDeployFrontendStepF2CCADA2",
                  },
                },
                "InputArtifacts": Array [
                  Object {
                    "Name": "FindyIssuerToolBuildFrontendStep_Output",
                  },
                ],
                "Name": "FindyIssuerToolDeployFrontendStep",
                "OutputArtifacts": Array [
                  Object {
                    "Name": "FindyIssuerToolDeployFrontendStep_Output",
                  },
                ],
                "RoleArn": Object {
                  "Fn::GetAtt": Array [
                    "PipelineCodeBuildActionRole226DB0CB",
                    "Arn",
                  ],
                },
                "RunOrder": 4,
              },
              Object {
                "ActionTypeId": Object {
                  "Category": "Build",
                  "Owner": "AWS",
                  "Provider": "CodeBuild",
                  "Version": "1",
                },
                "Configuration": Object {
                  "PrimarySource": "findy_network_findy_issuer_tool_Source",
                  "ProjectName": Object {
                    "Ref": "PipelineDeployFindyIssuerToolDeploymentTest826DD53C",
                  },
                },
                "InputArtifacts": Array [
                  Object {
                    "Name": "findy_network_findy_issuer_tool_Source",
                  },
                  Object {
                    "Name": "FindyIssuerToolDeployFrontendStep_Output",
                  },
                ],
                "Name": "FindyIssuerToolDeploymentTest",
                "RoleArn": Object {
                  "Fn::GetAtt": Array [
                    "PipelineCodeBuildActionRole226DB0CB",
                    "Arn",
                  ],
                },
                "RunOrder": 5,
              },
            ],
            "Name": "Deploy",
          },
        ],
      },
      "Type": "AWS::CodePipeline::Pipeline",
    },
    "PipelineArtifactsBucketAEA9A052": Object {
      "DeletionPolicy": "Retain",
      "Properties": Object {
        "BucketEncryption": Object {
          "ServerSideEncryptionConfiguration": Array [
            Object {
              "ServerSideEncryptionByDefault": Object {
                "SSEAlgorithm": "aws:kms",
              },
            },
          ],
        },
        "PublicAccessBlockConfiguration": Object {
          "BlockPublicAcls": true,
          "BlockPublicPolicy": true,
          "IgnorePublicAcls": true,
          "RestrictPublicBuckets": true,
        },
      },
      "Type": "AWS::S3::Bucket",
      "UpdateReplacePolicy": "Retain",
    },
    "PipelineArtifactsBucketPolicyF53CCC52": Object {
      "Properties": Object {
        "Bucket": Object {
          "Ref": "PipelineArtifactsBucketAEA9A052",
        },
        "PolicyDocument": Object {
          "Statement": Array [
            Object {
              "Action": "s3:*",
              "Condition": Object {
                "Bool": Object {
                  "aws:SecureTransport": "false",
                },
              },
              "Effect": "Deny",
              "Principal": Object {
                "AWS": "*",
              },
              "Resource": Array [
                Object {
                  "Fn::GetAtt": Array [
                    "PipelineArtifactsBucketAEA9A052",
                    "Arn",
                  ],
                },
                Object {
                  "Fn::Join": Array [
                    "",
                    Array [
                      Object {
                        "Fn::GetAtt": Array [
                          "PipelineArtifactsBucketAEA9A052",
                          "Arn",
                        ],
                      },
                      "/*",
                    ],
                  ],
                },
              ],
            },
            Object {
              "Action": Array [
                "s3:GetObject*",
                "s3:GetBucket*",
                "s3:List*",
              ],
              "Effect": "Allow",
              "Principal": Object {
                "AWS": Object {
                  "Fn::Join": Array [
                    "",
                    Array [
                      "arn:",
                      Object {
                        "Ref": "AWS::Partition",
                      },
                      ":iam::123456789012:role/cdk-hnb659fds-deploy-role-123456789012-us-east-1",
                    ],
                  ],
                },
              },
              "Resource": Array [
                Object {
                  "Fn::GetAtt": Array [
                    "PipelineArtifactsBucketAEA9A052",
                    "Arn",
                  ],
                },
                Object {
                  "Fn::Join": Array [
                    "",
                    Array [
                      Object {
                        "Fn::GetAtt": Array [
                          "PipelineArtifactsBucketAEA9A052",
                          "Arn",
                        ],
                      },
                      "/*",
                    ],
                  ],
                },
              ],
            },
          ],
          "Version": "2012-10-17",
        },
      },
      "Type": "AWS::S3::BucketPolicy",
    },
    "PipelineAssetsFileAsset185A67CB4": Object {
      "Properties": Object {
        "Artifacts": Object {
          "Type": "CODEPIPELINE",
        },
        "Cache": Object {
          "Type": "NO_CACHE",
        },
        "Description": "Pipeline step MyTestStack/Pipeline/Assets/FileAsset1",
        "EncryptionKey": "alias/aws/s3",
        "Environment": Object {
          "ComputeType": "BUILD_GENERAL1_SMALL",
          "EnvironmentVariables": Array [
            Object {
              "Name": "DOMAIN_NAME",
              "Type": "PARAMETER_STORE",
              "Value": "/findy-issuer-tool/domain-name",
            },
            Object {
              "Name": "SUB_DOMAIN_NAME",
              "Type": "PARAMETER_STORE",
              "Value": "/findy-issuer-tool/sub-domain-name",
            },
            Object {
              "Name": "WALLET_DOMAIN_NAME",
              "Type": "PARAMETER_STORE",
              "Value": "/findy-issuer-tool/wallet-domain-name",
            },
            Object {
              "Name": "CONF_BUCKET_NAME",
              "Type": "PLAINTEXT",
              "Value": Object {
                "Ref": "MyTestStackconfbucket3F056BA4",
              },
            },
            Object {
              "Name": "CONF_BUCKET_ARN",
              "Type": "PLAINTEXT",
              "Value": Object {
                "Fn::GetAtt": Array [
                  "MyTestStackconfbucket3F056BA4",
                  "Arn",
                ],
              },
            },
          ],
          "Image": "aws/codebuild/standard:5.0",
          "ImagePullCredentialsType": "CODEBUILD",
          "PrivilegedMode": false,
          "Type": "LINUX_CONTAINER",
        },
        "ServiceRole": Object {
          "Fn::GetAtt": Array [
            "PipelineAssetsFileRole59943A77",
            "Arn",
          ],
        },
        "Source": Object {
          "BuildSpec": "{
  \\"version\\": \\"0.2\\",
  \\"phases\\": {
    \\"install\\": {
      \\"commands\\": [
        \\"npm install -g cdk-assets@2\\"
      ]
    },
    \\"build\\": {
      \\"commands\\": [
        \\"cdk-assets --path \\\\\\"assembly-MyTestStack-Deploy/MyTestStackDeployFindyIssuerToolInfraStack703E1CDB.assets.json\\\\\\" --verbose publish \\\\\\"e85f10a8bf0e7f4f7931fce24b29d4faf6874948090a2b568b2da33a7116cf84:123456789012-us-east-1\\\\\\"\\"
      ]
    }
  }
}",
          "Type": "CODEPIPELINE",
        },
      },
      "Type": "AWS::CodeBuild::Project",
    },
    "PipelineAssetsFileRole59943A77": Object {
      "Properties": Object {
        "AssumeRolePolicyDocument": Object {
          "Statement": Array [
            Object {
              "Action": "sts:AssumeRole",
              "Effect": "Allow",
              "Principal": Object {
                "Service": "codebuild.amazonaws.com",
              },
            },
            Object {
              "Action": "sts:AssumeRole",
              "Effect": "Allow",
              "Principal": Object {
                "AWS": Object {
                  "Fn::Join": Array [
                    "",
                    Array [
                      "arn:",
                      Object {
                        "Ref": "AWS::Partition",
                      },
                      ":iam::123456789012:root",
                    ],
                  ],
                },
              },
            },
          ],
          "Version": "2012-10-17",
        },
      },
      "Type": "AWS::IAM::Role",
    },
    "PipelineAssetsFileRoleDefaultPolicy14DB8755": Object {
      "Properties": Object {
        "PolicyDocument": Object {
          "Statement": Array [
            Object {
              "Action": Array [
                "logs:CreateLogGroup",
                "logs:CreateLogStream",
                "logs:PutLogEvents",
              ],
              "Effect": "Allow",
              "Resource": Object {
                "Fn::Join": Array [
                  "",
                  Array [
                    "arn:",
                    Object {
                      "Ref": "AWS::Partition",
                    },
                    ":logs:us-east-1:123456789012:log-group:/aws/codebuild/*",
                  ],
                ],
              },
            },
            Object {
              "Action": Array [
                "codebuild:CreateReportGroup",
                "codebuild:CreateReport",
                "codebuild:UpdateReport",
                "codebuild:BatchPutTestCases",
                "codebuild:BatchPutCodeCoverages",
              ],
              "Effect": "Allow",
              "Resource": Object {
                "Fn::Join": Array [
                  "",
                  Array [
                    "arn:",
                    Object {
                      "Ref": "AWS::Partition",
                    },
                    ":codebuild:us-east-1:123456789012:report-group/*",
                  ],
                ],
              },
            },
            Object {
              "Action": Array [
                "codebuild:BatchGetBuilds",
                "codebuild:StartBuild",
                "codebuild:StopBuild",
              ],
              "Effect": "Allow",
              "Resource": "*",
            },
            Object {
              "Action": "sts:AssumeRole",
              "Effect": "Allow",
              "Resource": Object {
                "Fn::Sub": "arn:\${AWS::Partition}:iam::123456789012:role/cdk-hnb659fds-file-publishing-role-123456789012-us-east-1",
              },
            },
            Object {
              "Action": "ssm:GetParameters",
              "Effect": "Allow",
              "Resource": Array [
                Object {
                  "Fn::Join": Array [
                    "",
                    Array [
                      "arn:",
                      Object {
                        "Ref": "AWS::Partition",
                      },
                      ":ssm:us-east-1:123456789012:parameter/findy-issuer-tool/domain-name",
                    ],
                  ],
                },
                Object {
                  "Fn::Join": Array [
                    "",
                    Array [
                      "arn:",
                      Object {
                        "Ref": "AWS::Partition",
                      },
                      ":ssm:us-east-1:123456789012:parameter/findy-issuer-tool/sub-domain-name",
                    ],
                  ],
                },
                Object {
                  "Fn::Join": Array [
                    "",
                    Array [
                      "arn:",
                      Object {
                        "Ref": "AWS::Partition",
                      },
                      ":ssm:us-east-1:123456789012:parameter/findy-issuer-tool/wallet-domain-name",
                    ],
                  ],
                },
              ],
            },
            Object {
              "Action": Array [
                "s3:GetObject*",
                "s3:GetBucket*",
                "s3:List*",
              ],
              "Effect": "Allow",
              "Resource": Array [
                Object {
                  "Fn::GetAtt": Array [
                    "PipelineArtifactsBucketAEA9A052",
                    "Arn",
                  ],
                },
                Object {
                  "Fn::Join": Array [
                    "",
                    Array [
                      Object {
                        "Fn::GetAtt": Array [
                          "PipelineArtifactsBucketAEA9A052",
                          "Arn",
                        ],
                      },
                      "/*",
                    ],
                  ],
                },
              ],
            },
          ],
          "Version": "2012-10-17",
        },
        "PolicyName": "PipelineAssetsFileRoleDefaultPolicy14DB8755",
        "Roles": Array [
          Object {
            "Ref": "PipelineAssetsFileRole59943A77",
          },
        ],
      },
      "Type": "AWS::IAM::Policy",
    },
    "PipelineBuildSynthStepCdkBuildProject7FBB5116": Object {
      "Properties": Object {
        "Artifacts": Object {
          "Type": "CODEPIPELINE",
        },
        "Cache": Object {
          "Type": "NO_CACHE",
        },
        "Description": "Pipeline step MyTestStack/Pipeline/Build/SynthStep",
        "EncryptionKey": "alias/aws/s3",
        "Environment": Object {
          "ComputeType": "BUILD_GENERAL1_SMALL",
          "EnvironmentVariables": Array [
            Object {
              "Name": "DOMAIN_NAME",
              "Type": "PARAMETER_STORE",
              "Value": "/findy-issuer-tool/domain-name",
            },
            Object {
              "Name": "SUB_DOMAIN_NAME",
              "Type": "PARAMETER_STORE",
              "Value": "/findy-issuer-tool/sub-domain-name",
            },
            Object {
              "Name": "WALLET_DOMAIN_NAME",
              "Type": "PARAMETER_STORE",
              "Value": "/findy-issuer-tool/wallet-domain-name",
            },
            Object {
              "Name": "CONF_BUCKET_NAME",
              "Type": "PLAINTEXT",
              "Value": Object {
                "Ref": "MyTestStackconfbucket3F056BA4",
              },
            },
            Object {
              "Name": "CONF_BUCKET_ARN",
              "Type": "PLAINTEXT",
              "Value": Object {
                "Fn::GetAtt": Array [
                  "MyTestStackconfbucket3F056BA4",
                  "Arn",
                ],
              },
            },
            Object {
              "Name": "CDK_CONTEXT_JSON",
              "Type": "PARAMETER_STORE",
              "Value": "/findy-issuer-tool/cdk-context",
            },
          ],
          "Image": "aws/codebuild/standard:5.0",
          "ImagePullCredentialsType": "CODEBUILD",
          "PrivilegedMode": false,
          "Type": "LINUX_CONTAINER",
        },
        "ServiceRole": Object {
          "Fn::GetAtt": Array [
            "PipelineBuildSynthStepCdkBuildProjectRole2407DBD0",
            "Arn",
          ],
        },
        "Source": Object {
          "BuildSpec": "{
  \\"version\\": \\"0.2\\",
  \\"phases\\": {
    \\"install\\": {
      \\"commands\\": [
        \\"npm install -g aws-cdk\\"
      ]
    },
    \\"build\\": {
      \\"commands\\": [
        \\"cd infra\\",
        \\"echo \\\\\\"$CDK_CONTEXT_JSON\\\\\\" > cdk.context.json\\",
        \\"cat cdk.context.json\\",
        \\"npm ci\\",
        \\"npm run build\\",
        \\"npx cdk synth\\",
        \\"npm run pipeline:context\\"
      ]
    }
  },
  \\"artifacts\\": {
    \\"base-directory\\": \\"infra/cdk.out\\",
    \\"files\\": \\"**/*\\"
  }
}",
          "Type": "CODEPIPELINE",
        },
      },
      "Type": "AWS::CodeBuild::Project",
    },
    "PipelineBuildSynthStepCdkBuildProjectRole2407DBD0": Object {
      "Properties": Object {
        "AssumeRolePolicyDocument": Object {
          "Statement": Array [
            Object {
              "Action": "sts:AssumeRole",
              "Effect": "Allow",
              "Principal": Object {
                "Service": "codebuild.amazonaws.com",
              },
            },
          ],
          "Version": "2012-10-17",
        },
      },
      "Type": "AWS::IAM::Role",
    },
    "PipelineBuildSynthStepCdkBuildProjectRoleDefaultPolicy3CD6B151": Object {
      "Properties": Object {
        "PolicyDocument": Object {
          "Statement": Array [
            Object {
              "Action": "ssm:GetParameters",
              "Effect": "Allow",
              "Resource": Array [
                Object {
                  "Fn::Join": Array [
                    "",
                    Array [
                      "arn:",
                      Object {
                        "Ref": "AWS::Partition",
                      },
                      ":ssm:us-east-1:123456789012:parameter/findy-issuer-tool/domain-name",
                    ],
                  ],
                },
                Object {
                  "Fn::Join": Array [
                    "",
                    Array [
                      "arn:",
                      Object {
                        "Ref": "AWS::Partition",
                      },
                      ":ssm:us-east-1:123456789012:parameter/findy-issuer-tool/sub-domain-name",
                    ],
                  ],
                },
                Object {
                  "Fn::Join": Array [
                    "",
                    Array [
                      "arn:",
                      Object {
                        "Ref": "AWS::Partition",
                      },
                      ":ssm:us-east-1:123456789012:parameter/findy-issuer-tool/wallet-domain-name",
                    ],
                  ],
                },
                Object {
                  "Fn::Join": Array [
                    "",
                    Array [
                      "arn:",
                      Object {
                        "Ref": "AWS::Partition",
                      },
                      ":ssm:us-east-1:123456789012:parameter/findy-issuer-tool/cdk-context",
                    ],
                  ],
                },
              ],
            },
            Object {
              "Action": Array [
                "logs:CreateLogGroup",
                "logs:CreateLogStream",
                "logs:PutLogEvents",
              ],
              "Effect": "Allow",
              "Resource": Array [
                Object {
                  "Fn::Join": Array [
                    "",
                    Array [
                      "arn:",
                      Object {
                        "Ref": "AWS::Partition",
                      },
                      ":logs:us-east-1:123456789012:log-group:/aws/codebuild/",
                      Object {
                        "Ref": "PipelineBuildSynthStepCdkBuildProject7FBB5116",
                      },
                    ],
                  ],
                },
                Object {
                  "Fn::Join": Array [
                    "",
                    Array [
                      "arn:",
                      Object {
                        "Ref": "AWS::Partition",
                      },
                      ":logs:us-east-1:123456789012:log-group:/aws/codebuild/",
                      Object {
                        "Ref": "PipelineBuildSynthStepCdkBuildProject7FBB5116",
                      },
                      ":*",
                    ],
                  ],
                },
              ],
            },
            Object {
              "Action": Array [
                "codebuild:CreateReportGroup",
                "codebuild:CreateReport",
                "codebuild:UpdateReport",
                "codebuild:BatchPutTestCases",
                "codebuild:BatchPutCodeCoverages",
              ],
              "Effect": "Allow",
              "Resource": Object {
                "Fn::Join": Array [
                  "",
                  Array [
                    "arn:",
                    Object {
                      "Ref": "AWS::Partition",
                    },
                    ":codebuild:us-east-1:123456789012:report-group/",
                    Object {
                      "Ref": "PipelineBuildSynthStepCdkBuildProject7FBB5116",
                    },
                    "-*",
                  ],
                ],
              },
            },
            Object {
              "Action": "ssm:PutParameter",
              "Effect": "Allow",
              "Resource": "arn:aws:ssm:us-east-1:123456789012:parameter/findy-issuer-tool*",
            },
            Object {
              "Action": Array [
                "s3:GetObject*",
                "s3:GetBucket*",
                "s3:List*",
                "s3:DeleteObject*",
                "s3:PutObject",
                "s3:PutObjectLegalHold",
                "s3:PutObjectRetention",
                "s3:PutObjectTagging",
                "s3:PutObjectVersionTagging",
                "s3:Abort*",
              ],
              "Effect": "Allow",
              "Resource": Array [
                Object {
                  "Fn::GetAtt": Array [
                    "PipelineArtifactsBucketAEA9A052",
                    "Arn",
                  ],
                },
                Object {
                  "Fn::Join": Array [
                    "",
                    Array [
                      Object {
                        "Fn::GetAtt": Array [
                          "PipelineArtifactsBucketAEA9A052",
                          "Arn",
                        ],
                      },
                      "/*",
                    ],
                  ],
                },
              ],
            },
          ],
          "Version": "2012-10-17",
        },
        "PolicyName": "PipelineBuildSynthStepCdkBuildProjectRoleDefaultPolicy3CD6B151",
        "Roles": Array [
          Object {
            "Ref": "PipelineBuildSynthStepCdkBuildProjectRole2407DBD0",
          },
        ],
      },
      "Type": "AWS::IAM::Policy",
    },
    "PipelineCodeBuildActionRole226DB0CB": Object {
      "Properties": Object {
        "AssumeRolePolicyDocument": Object {
          "Statement": Array [
            Object {
              "Action": "sts:AssumeRole",
              "Condition": Object {
                "Bool": Object {
                  "aws:ViaAWSService": "codepipeline.amazonaws.com",
                },
              },
              "Effect": "Allow",
              "Principal": Object {
                "AWS": Object {
                  "Fn::Join": Array [
                    "",
                    Array [
                      "arn:",
                      Object {
                        "Ref": "AWS::Partition",
                      },
                      ":iam::123456789012:root",
                    ],
                  ],
                },
              },
            },
          ],
          "Version": "2012-10-17",
        },
      },
      "Type": "AWS::IAM::Role",
    },
    "PipelineCodeBuildActionRoleDefaultPolicy1D62A6FE": Object {
      "Properties": Object {
        "PolicyDocument": Object {
          "Statement": Array [
            Object {
              "Action": Array [
                "codebuild:BatchGetBuilds",
                "codebuild:StartBuild",
                "codebuild:StopBuild",
              ],
              "Effect": "Allow",
              "Resource": Object {
                "Fn::GetAtt": Array [
                  "PipelineBuildSynthStepCdkBuildProject7FBB5116",
                  "Arn",
                ],
              },
            },
            Object {
              "Action": Array [
                "codebuild:BatchGetBuilds",
                "codebuild:StartBuild",
                "codebuild:StopBuild",
              ],
              "Effect": "Allow",
              "Resource": Object {
                "Fn::GetAtt": Array [
                  "PipelineUpdatePipelineSelfMutationDAA41400",
                  "Arn",
                ],
              },
            },
            Object {
              "Action": Array [
                "codebuild:BatchGetBuilds",
                "codebuild:StartBuild",
                "codebuild:StopBuild",
              ],
              "Effect": "Allow",
              "Resource": Object {
                "Fn::GetAtt": Array [
                  "PipelineAssetsFileAsset185A67CB4",
                  "Arn",
                ],
              },
            },
            Object {
              "Action": Array [
                "codebuild:BatchGetBuilds",
                "codebuild:StartBuild",
                "codebuild:StopBuild",
              ],
              "Effect": "Allow",
              "Resource": Object {
                "Fn::GetAtt": Array [
                  "PipelineDeployFindyIssuerToolBuildFrontendStepEB1DDBA3",
                  "Arn",
                ],
              },
            },
            Object {
              "Action": Array [
                "codebuild:BatchGetBuilds",
                "codebuild:StartBuild",
                "codebuild:StopBuild",
              ],
              "Effect": "Allow",
              "Resource": Object {
                "Fn::GetAtt": Array [
                  "PipelineDeployFindyIssuerToolDeployBackendStepF56DD232",
                  "Arn",
                ],
              },
            },
            Object {
              "Action": Array [
                "codebuild:BatchGetBuilds",
                "codebuild:StartBuild",
                "codebuild:StopBuild",
              ],
              "Effect": "Allow",
              "Resource": Object {
                "Fn::GetAtt": Array [
                  "PipelineDeployFindyIssuerToolDeployFrontendStepF2CCADA2",
                  "Arn",
                ],
              },
            },
            Object {
              "Action": Array [
                "codebuild:BatchGetBuilds",
                "codebuild:StartBuild",
                "codebuild:StopBuild",
              ],
              "Effect": "Allow",
              "Resource": Object {
                "Fn::GetAtt": Array [
                  "PipelineDeployFindyIssuerToolDeploymentTest826DD53C",
                  "Arn",
                ],
              },
            },
          ],
          "Version": "2012-10-17",
        },
        "PolicyName": "PipelineCodeBuildActionRoleDefaultPolicy1D62A6FE",
        "Roles": Array [
          Object {
            "Ref": "PipelineCodeBuildActionRole226DB0CB",
          },
        ],
      },
      "Type": "AWS::IAM::Policy",
    },
    "PipelineDeployFindyIssuerToolBuildFrontendStepEB1DDBA3": Object {
      "Properties": Object {
        "Artifacts": Object {
          "Type": "CODEPIPELINE",
        },
        "Cache": Object {
          "Type": "NO_CACHE",
        },
        "Description": "Pipeline step MyTestStack/Pipeline/Deploy/FindyIssuerToolBuildFrontendStep",
        "EncryptionKey": "alias/aws/s3",
        "Environment": Object {
          "ComputeType": "BUILD_GENERAL1_SMALL",
          "EnvironmentVariables": Array [
            Object {
              "Name": "DOMAIN_NAME",
              "Type": "PARAMETER_STORE",
              "Value": "/findy-issuer-tool/domain-name",
            },
            Object {
              "Name": "SUB_DOMAIN_NAME",
              "Type": "PARAMETER_STORE",
              "Value": "/findy-issuer-tool/sub-domain-name",
            },
            Object {
              "Name": "WALLET_DOMAIN_NAME",
              "Type": "PARAMETER_STORE",
              "Value": "/findy-issuer-tool/wallet-domain-name",
            },
            Object {
              "Name": "CONF_BUCKET_NAME",
              "Type": "PLAINTEXT",
              "Value": Object {
                "Ref": "MyTestStackconfbucket3F056BA4",
              },
            },
            Object {
              "Name": "CONF_BUCKET_ARN",
              "Type": "PLAINTEXT",
              "Value": Object {
                "Fn::GetAtt": Array [
                  "MyTestStackconfbucket3F056BA4",
                  "Arn",
                ],
              },
            },
            Object {
              "Name": "API_URL",
              "Type": "PLAINTEXT",
              "Value": "https://undefined.undefined",
            },
            Object {
              "Name": "DEFAULT_WEB_WALLET_LABEL",
              "Type": "PLAINTEXT",
              "Value": "Findy Web Wallet",
            },
            Object {
              "Name": "DEFAULT_WEB_WALLET_URL",
              "Type": "PLAINTEXT",
              "Value": "https://undefined/connect/",
            },
          ],
          "Image": "node:16.14.2-alpine3.15",
          "ImagePullCredentialsType": "SERVICE_ROLE",
          "PrivilegedMode": false,
          "Type": "LINUX_CONTAINER",
        },
        "Name": "FindyIssuerToolBuildFrontend",
        "ServiceRole": Object {
          "Fn::GetAtt": Array [
            "PipelineDeployFindyIssuerToolBuildFrontendStepRole70963055",
            "Arn",
          ],
        },
        "Source": Object {
          "BuildSpec": "{
  \\"version\\": \\"0.2\\",
  \\"phases\\": {
    \\"build\\": {
      \\"commands\\": [
        \\"apk add bash\\",
        \\"cd frontend\\",
        \\"npm ci\\",
        \\"npm run build\\",
        \\"cd ..\\",
        \\"npm ci\\",
        \\"npm run licenses:report\\"
      ]
    }
  },
  \\"artifacts\\": {
    \\"base-directory\\": \\"frontend/build\\",
    \\"files\\": \\"**/*\\"
  }
}",
          "Type": "CODEPIPELINE",
        },
      },
      "Type": "AWS::CodeBuild::Project",
    },
    "PipelineDeployFindyIssuerToolBuildFrontendStepRole70963055": Object {
      "Properties": Object {
        "AssumeRolePolicyDocument": Object {
          "Statement": Array [
            Object {
              "Action": "sts:AssumeRole",
              "Effect": "Allow",
              "Principal": Object {
                "Service": "codebuild.amazonaws.com",
              },
            },
          ],
          "Version": "2012-10-17",
        },
      },
      "Type": "AWS::IAM::Role",
    },
    "PipelineDeployFindyIssuerToolBuildFrontendStepRoleDefaultPolicy2DD84389": Object {
      "Properties": Object {
        "PolicyDocument": Object {
          "Statement": Array [
            Object {
              "Action": "ssm:GetParameters",
              "Effect": "Allow",
              "Resource": Array [
                Object {
                  "Fn::Join": Array [
                    "",
                    Array [
                      "arn:",
                      Object {
                        "Ref": "AWS::Partition",
                      },
                      ":ssm:us-east-1:123456789012:parameter/findy-issuer-tool/domain-name",
                    ],
                  ],
                },
                Object {
                  "Fn::Join": Array [
                    "",
                    Array [
                      "arn:",
                      Object {
                        "Ref": "AWS::Partition",
                      },
                      ":ssm:us-east-1:123456789012:parameter/findy-issuer-tool/sub-domain-name",
                    ],
                  ],
                },
                Object {
                  "Fn::Join": Array [
                    "",
                    Array [
                      "arn:",
                      Object {
                        "Ref": "AWS::Partition",
                      },
                      ":ssm:us-east-1:123456789012:parameter/findy-issuer-tool/wallet-domain-name",
                    ],
                  ],
                },
              ],
            },
            Object {
              "Action": Array [
                "logs:CreateLogGroup",
                "logs:CreateLogStream",
                "logs:PutLogEvents",
              ],
              "Effect": "Allow",
              "Resource": Array [
                Object {
                  "Fn::Join": Array [
                    "",
                    Array [
                      "arn:",
                      Object {
                        "Ref": "AWS::Partition",
                      },
                      ":logs:us-east-1:123456789012:log-group:/aws/codebuild/",
                      Object {
                        "Ref": "PipelineDeployFindyIssuerToolBuildFrontendStepEB1DDBA3",
                      },
                    ],
                  ],
                },
                Object {
                  "Fn::Join": Array [
                    "",
                    Array [
                      "arn:",
                      Object {
                        "Ref": "AWS::Partition",
                      },
                      ":logs:us-east-1:123456789012:log-group:/aws/codebuild/",
                      Object {
                        "Ref": "PipelineDeployFindyIssuerToolBuildFrontendStepEB1DDBA3",
                      },
                      ":*",
                    ],
                  ],
                },
              ],
            },
            Object {
              "Action": Array [
                "codebuild:CreateReportGroup",
                "codebuild:CreateReport",
                "codebuild:UpdateReport",
                "codebuild:BatchPutTestCases",
                "codebuild:BatchPutCodeCoverages",
              ],
              "Effect": "Allow",
              "Resource": Object {
                "Fn::Join": Array [
                  "",
                  Array [
                    "arn:",
                    Object {
                      "Ref": "AWS::Partition",
                    },
                    ":codebuild:us-east-1:123456789012:report-group/",
                    Object {
                      "Ref": "PipelineDeployFindyIssuerToolBuildFrontendStepEB1DDBA3",
                    },
                    "-*",
                  ],
                ],
              },
            },
            Object {
              "Action": Array [
                "s3:GetObject*",
                "s3:GetBucket*",
                "s3:List*",
                "s3:DeleteObject*",
                "s3:PutObject",
                "s3:PutObjectLegalHold",
                "s3:PutObjectRetention",
                "s3:PutObjectTagging",
                "s3:PutObjectVersionTagging",
                "s3:Abort*",
              ],
              "Effect": "Allow",
              "Resource": Array [
                Object {
                  "Fn::GetAtt": Array [
                    "PipelineArtifactsBucketAEA9A052",
                    "Arn",
                  ],
                },
                Object {
                  "Fn::Join": Array [
                    "",
                    Array [
                      Object {
                        "Fn::GetAtt": Array [
                          "PipelineArtifactsBucketAEA9A052",
                          "Arn",
                        ],
                      },
                      "/*",
                    ],
                  ],
                },
              ],
            },
          ],
          "Version": "2012-10-17",
        },
        "PolicyName": "PipelineDeployFindyIssuerToolBuildFrontendStepRoleDefaultPolicy2DD84389",
        "Roles": Array [
          Object {
            "Ref": "PipelineDeployFindyIssuerToolBuildFrontendStepRole70963055",
          },
        ],
      },
      "Type": "AWS::IAM::Policy",
    },
    "PipelineDeployFindyIssuerToolDeployBackendStepF56DD232": Object {
      "Properties": Object {
        "Artifacts": Object {
          "Type": "CODEPIPELINE",
        },
        "Cache": Object {
          "Type": "NO_CACHE",
        },
        "Description": "Pipeline step MyTestStack/Pipeline/Deploy/FindyIssuerToolDeployBackendStep",
        "EncryptionKey": "alias/aws/s3",
        "Environment": Object {
          "ComputeType": "BUILD_GENERAL1_SMALL",
          "EnvironmentVariables": Array [
            Object {
              "Name": "DOMAIN_NAME",
              "Type": "PARAMETER_STORE",
              "Value": "/findy-issuer-tool/domain-name",
            },
            Object {
              "Name": "SUB_DOMAIN_NAME",
              "Type": "PARAMETER_STORE",
              "Value": "/findy-issuer-tool/sub-domain-name",
            },
            Object {
              "Name": "WALLET_DOMAIN_NAME",
              "Type": "PARAMETER_STORE",
              "Value": "/findy-issuer-tool/wallet-domain-name",
            },
            Object {
              "Name": "CONF_BUCKET_NAME",
              "Type": "PLAINTEXT",
              "Value": Object {
                "Ref": "MyTestStackconfbucket3F056BA4",
              },
            },
            Object {
              "Name": "CONF_BUCKET_ARN",
              "Type": "PLAINTEXT",
              "Value": Object {
                "Fn::GetAtt": Array [
                  "MyTestStackconfbucket3F056BA4",
                  "Arn",
                ],
              },
            },
          ],
          "Image": "aws/codebuild/standard:5.0",
          "ImagePullCredentialsType": "CODEBUILD",
          "PrivilegedMode": false,
          "Type": "LINUX_CONTAINER",
        },
        "Name": "FindyIssuerToolDeployBackend",
        "ServiceRole": Object {
          "Fn::GetAtt": Array [
            "MyTestStackdeployroleB4A9E465",
            "Arn",
          ],
        },
        "Source": Object {
          "BuildSpec": "{
  \\"version\\": \\"0.2\\",
  \\"phases\\": {
    \\"build\\": {
      \\"commands\\": [
        \\"VERSION=\\\\\\"$(./infra/tools/version.sh ./api)-$(date +%s)\\\\\\"\\",
        \\"aws elasticbeanstalk create-application-version --application-name $APP_NAME --version-label $VERSION --source-bundle S3Bucket=$CONF_BUCKET_NAME,S3Key=Dockerrun.zip\\",
        \\"aws elasticbeanstalk update-environment --environment-name $ENV_NAME --version-label $VERSION\\"
      ]
    }
  }
}",
          "Type": "CODEPIPELINE",
        },
      },
      "Type": "AWS::CodeBuild::Project",
    },
    "PipelineDeployFindyIssuerToolDeployFrontendStepF2CCADA2": Object {
      "Properties": Object {
        "Artifacts": Object {
          "Type": "CODEPIPELINE",
        },
        "Cache": Object {
          "Type": "NO_CACHE",
        },
        "Description": "Pipeline step MyTestStack/Pipeline/Deploy/FindyIssuerToolDeployFrontendStep",
        "EncryptionKey": "alias/aws/s3",
        "Environment": Object {
          "ComputeType": "BUILD_GENERAL1_SMALL",
          "EnvironmentVariables": Array [
            Object {
              "Name": "DOMAIN_NAME",
              "Type": "PARAMETER_STORE",
              "Value": "/findy-issuer-tool/domain-name",
            },
            Object {
              "Name": "SUB_DOMAIN_NAME",
              "Type": "PARAMETER_STORE",
              "Value": "/findy-issuer-tool/sub-domain-name",
            },
            Object {
              "Name": "WALLET_DOMAIN_NAME",
              "Type": "PARAMETER_STORE",
              "Value": "/findy-issuer-tool/wallet-domain-name",
            },
            Object {
              "Name": "CONF_BUCKET_NAME",
              "Type": "PLAINTEXT",
              "Value": Object {
                "Ref": "MyTestStackconfbucket3F056BA4",
              },
            },
            Object {
              "Name": "CONF_BUCKET_ARN",
              "Type": "PLAINTEXT",
              "Value": Object {
                "Fn::GetAtt": Array [
                  "MyTestStackconfbucket3F056BA4",
                  "Arn",
                ],
              },
            },
          ],
          "Image": "aws/codebuild/standard:5.0",
          "ImagePullCredentialsType": "CODEBUILD",
          "PrivilegedMode": false,
          "Type": "LINUX_CONTAINER",
        },
        "Name": "FindyIssuerToolDeployFrontend",
        "ServiceRole": Object {
          "Fn::GetAtt": Array [
            "PipelineDeployFindyIssuerToolDeployFrontendStepRole094B037C",
            "Arn",
          ],
        },
        "Source": Object {
          "BuildSpec": "{
  \\"version\\": \\"0.2\\",
  \\"phases\\": {
    \\"build\\": {
      \\"commands\\": [
        \\"V1=$(curl https://$SUB_DOMAIN_NAME.$DOMAIN_NAME/version.txt)\\",
        \\"V2=$(cat ./version.txt)\\",
        \\"if [ \\\\\\"$V1\\\\\\" != \\\\\\"$V2\\\\\\" ]; then aws s3 sync --delete . s3://$SUB_DOMAIN_NAME.$DOMAIN_NAME; fi\\"
      ]
    }
  },
  \\"artifacts\\": {
    \\"base-directory\\": \\".\\",
    \\"files\\": \\"**/*\\"
  }
}",
          "Type": "CODEPIPELINE",
        },
      },
      "Type": "AWS::CodeBuild::Project",
    },
    "PipelineDeployFindyIssuerToolDeployFrontendStepRole094B037C": Object {
      "Properties": Object {
        "AssumeRolePolicyDocument": Object {
          "Statement": Array [
            Object {
              "Action": "sts:AssumeRole",
              "Effect": "Allow",
              "Principal": Object {
                "Service": "codebuild.amazonaws.com",
              },
            },
          ],
          "Version": "2012-10-17",
        },
      },
      "Type": "AWS::IAM::Role",
    },
    "PipelineDeployFindyIssuerToolDeployFrontendStepRoleDefaultPolicy42B4FA00": Object {
      "Properties": Object {
        "PolicyDocument": Object {
          "Statement": Array [
            Object {
              "Action": "ssm:GetParameters",
              "Effect": "Allow",
              "Resource": Array [
                Object {
                  "Fn::Join": Array [
                    "",
                    Array [
                      "arn:",
                      Object {
                        "Ref": "AWS::Partition",
                      },
                      ":ssm:us-east-1:123456789012:parameter/findy-issuer-tool/domain-name",
                    ],
                  ],
                },
                Object {
                  "Fn::Join": Array [
                    "",
                    Array [
                      "arn:",
                      Object {
                        "Ref": "AWS::Partition",
                      },
                      ":ssm:us-east-1:123456789012:parameter/findy-issuer-tool/sub-domain-name",
                    ],
                  ],
                },
                Object {
                  "Fn::Join": Array [
                    "",
                    Array [
                      "arn:",
                      Object {
                        "Ref": "AWS::Partition",
                      },
                      ":ssm:us-east-1:123456789012:parameter/findy-issuer-tool/wallet-domain-name",
                    ],
                  ],
                },
              ],
            },
            Object {
              "Action": Array [
                "logs:CreateLogGroup",
                "logs:CreateLogStream",
                "logs:PutLogEvents",
              ],
              "Effect": "Allow",
              "Resource": Array [
                Object {
                  "Fn::Join": Array [
                    "",
                    Array [
                      "arn:",
                      Object {
                        "Ref": "AWS::Partition",
                      },
                      ":logs:us-east-1:123456789012:log-group:/aws/codebuild/",
                      Object {
                        "Ref": "PipelineDeployFindyIssuerToolDeployFrontendStepF2CCADA2",
                      },
                    ],
                  ],
                },
                Object {
                  "Fn::Join": Array [
                    "",
                    Array [
                      "arn:",
                      Object {
                        "Ref": "AWS::Partition",
                      },
                      ":logs:us-east-1:123456789012:log-group:/aws/codebuild/",
                      Object {
                        "Ref": "PipelineDeployFindyIssuerToolDeployFrontendStepF2CCADA2",
                      },
                      ":*",
                    ],
                  ],
                },
              ],
            },
            Object {
              "Action": Array [
                "codebuild:CreateReportGroup",
                "codebuild:CreateReport",
                "codebuild:UpdateReport",
                "codebuild:BatchPutTestCases",
                "codebuild:BatchPutCodeCoverages",
              ],
              "Effect": "Allow",
              "Resource": Object {
                "Fn::Join": Array [
                  "",
                  Array [
                    "arn:",
                    Object {
                      "Ref": "AWS::Partition",
                    },
                    ":codebuild:us-east-1:123456789012:report-group/",
                    Object {
                      "Ref": "PipelineDeployFindyIssuerToolDeployFrontendStepF2CCADA2",
                    },
                    "-*",
                  ],
                ],
              },
            },
            Object {
              "Action": Array [
                "s3:Put*",
                "s3:Delete*",
                "s3:Get*",
                "s3:List*",
              ],
              "Effect": "Allow",
              "Resource": "*",
            },
            Object {
              "Action": Array [
                "s3:GetObject*",
                "s3:GetBucket*",
                "s3:List*",
                "s3:DeleteObject*",
                "s3:PutObject",
                "s3:PutObjectLegalHold",
                "s3:PutObjectRetention",
                "s3:PutObjectTagging",
                "s3:PutObjectVersionTagging",
                "s3:Abort*",
              ],
              "Effect": "Allow",
              "Resource": Array [
                Object {
                  "Fn::GetAtt": Array [
                    "PipelineArtifactsBucketAEA9A052",
                    "Arn",
                  ],
                },
                Object {
                  "Fn::Join": Array [
                    "",
                    Array [
                      Object {
                        "Fn::GetAtt": Array [
                          "PipelineArtifactsBucketAEA9A052",
                          "Arn",
                        ],
                      },
                      "/*",
                    ],
                  ],
                },
              ],
            },
          ],
          "Version": "2012-10-17",
        },
        "PolicyName": "PipelineDeployFindyIssuerToolDeployFrontendStepRoleDefaultPolicy42B4FA00",
        "Roles": Array [
          Object {
            "Ref": "PipelineDeployFindyIssuerToolDeployFrontendStepRole094B037C",
          },
        ],
      },
      "Type": "AWS::IAM::Policy",
    },
    "PipelineDeployFindyIssuerToolDeploymentTest826DD53C": Object {
      "Properties": Object {
        "Artifacts": Object {
          "Type": "CODEPIPELINE",
        },
        "Cache": Object {
          "Type": "NO_CACHE",
        },
        "Description": "Pipeline step MyTestStack/Pipeline/Deploy/FindyIssuerToolDeploymentTest",
        "EncryptionKey": "alias/aws/s3",
        "Environment": Object {
          "ComputeType": "BUILD_GENERAL1_SMALL",
          "EnvironmentVariables": Array [
            Object {
              "Name": "DOMAIN_NAME",
              "Type": "PARAMETER_STORE",
              "Value": "/findy-issuer-tool/domain-name",
            },
            Object {
              "Name": "SUB_DOMAIN_NAME",
              "Type": "PARAMETER_STORE",
              "Value": "/findy-issuer-tool/sub-domain-name",
            },
            Object {
              "Name": "WALLET_DOMAIN_NAME",
              "Type": "PARAMETER_STORE",
              "Value": "/findy-issuer-tool/wallet-domain-name",
            },
            Object {
              "Name": "CONF_BUCKET_NAME",
              "Type": "PLAINTEXT",
              "Value": Object {
                "Ref": "MyTestStackconfbucket3F056BA4",
              },
            },
            Object {
              "Name": "CONF_BUCKET_ARN",
              "Type": "PLAINTEXT",
              "Value": Object {
                "Fn::GetAtt": Array [
                  "MyTestStackconfbucket3F056BA4",
                  "Arn",
                ],
              },
            },
          ],
          "Image": "aws/codebuild/standard:5.0",
          "ImagePullCredentialsType": "CODEBUILD",
          "PrivilegedMode": false,
          "Type": "LINUX_CONTAINER",
        },
        "Name": "FindyIssuerToolDeploymentTest",
        "ServiceRole": Object {
          "Fn::GetAtt": Array [
            "PipelineDeployFindyIssuerToolDeploymentTestRoleE9EF3A91",
            "Arn",
          ],
        },
        "Source": Object {
          "BuildSpec": "{
  \\"version\\": \\"0.2\\",
  \\"phases\\": {
    \\"install\\": {
      \\"commands\\": [
        \\"[ ! -d \\\\\\"out\\\\\\" ] || { echo 'additionalInputs: \\\\\\"out\\\\\\" must not exist yet. If you want to merge multiple artifacts, use a \\\\\\"cp\\\\\\" command.'; exit 1; } && ln -s -- \\\\\\"$CODEBUILD_SRC_DIR_FindyIssuerToolDeployFrontendStep_Output\\\\\\" \\\\\\"out\\\\\\"\\"
      ]
    },
    \\"build\\": {
      \\"commands\\": [
        \\"curl -sI https://$SUB_DOMAIN_NAME.$DOMAIN_NAME/version.txt | grep \\\\\\"HTTP/2 200\\\\\\"\\",
        \\"./infra/tools/wait-for-ready.sh\\"
      ]
    }
  }
}",
          "Type": "CODEPIPELINE",
        },
      },
      "Type": "AWS::CodeBuild::Project",
    },
    "PipelineDeployFindyIssuerToolDeploymentTestRoleDefaultPolicy973B6B71": Object {
      "Properties": Object {
        "PolicyDocument": Object {
          "Statement": Array [
            Object {
              "Action": "ssm:GetParameters",
              "Effect": "Allow",
              "Resource": Array [
                Object {
                  "Fn::Join": Array [
                    "",
                    Array [
                      "arn:",
                      Object {
                        "Ref": "AWS::Partition",
                      },
                      ":ssm:us-east-1:123456789012:parameter/findy-issuer-tool/domain-name",
                    ],
                  ],
                },
                Object {
                  "Fn::Join": Array [
                    "",
                    Array [
                      "arn:",
                      Object {
                        "Ref": "AWS::Partition",
                      },
                      ":ssm:us-east-1:123456789012:parameter/findy-issuer-tool/sub-domain-name",
                    ],
                  ],
                },
                Object {
                  "Fn::Join": Array [
                    "",
                    Array [
                      "arn:",
                      Object {
                        "Ref": "AWS::Partition",
                      },
                      ":ssm:us-east-1:123456789012:parameter/findy-issuer-tool/wallet-domain-name",
                    ],
                  ],
                },
              ],
            },
            Object {
              "Action": Array [
                "logs:CreateLogGroup",
                "logs:CreateLogStream",
                "logs:PutLogEvents",
              ],
              "Effect": "Allow",
              "Resource": Array [
                Object {
                  "Fn::Join": Array [
                    "",
                    Array [
                      "arn:",
                      Object {
                        "Ref": "AWS::Partition",
                      },
                      ":logs:us-east-1:123456789012:log-group:/aws/codebuild/",
                      Object {
                        "Ref": "PipelineDeployFindyIssuerToolDeploymentTest826DD53C",
                      },
                    ],
                  ],
                },
                Object {
                  "Fn::Join": Array [
                    "",
                    Array [
                      "arn:",
                      Object {
                        "Ref": "AWS::Partition",
                      },
                      ":logs:us-east-1:123456789012:log-group:/aws/codebuild/",
                      Object {
                        "Ref": "PipelineDeployFindyIssuerToolDeploymentTest826DD53C",
                      },
                      ":*",
                    ],
                  ],
                },
              ],
            },
            Object {
              "Action": Array [
                "codebuild:CreateReportGroup",
                "codebuild:CreateReport",
                "codebuild:UpdateReport",
                "codebuild:BatchPutTestCases",
                "codebuild:BatchPutCodeCoverages",
              ],
              "Effect": "Allow",
              "Resource": Object {
                "Fn::Join": Array [
                  "",
                  Array [
                    "arn:",
                    Object {
                      "Ref": "AWS::Partition",
                    },
                    ":codebuild:us-east-1:123456789012:report-group/",
                    Object {
                      "Ref": "PipelineDeployFindyIssuerToolDeploymentTest826DD53C",
                    },
                    "-*",
                  ],
                ],
              },
            },
            Object {
              "Action": Array [
                "s3:GetObject*",
                "s3:GetBucket*",
                "s3:List*",
              ],
              "Effect": "Allow",
              "Resource": Array [
                Object {
                  "Fn::GetAtt": Array [
                    "PipelineArtifactsBucketAEA9A052",
                    "Arn",
                  ],
                },
                Object {
                  "Fn::Join": Array [
                    "",
                    Array [
                      Object {
                        "Fn::GetAtt": Array [
                          "PipelineArtifactsBucketAEA9A052",
                          "Arn",
                        ],
                      },
                      "/*",
                    ],
                  ],
                },
              ],
            },
          ],
          "Version": "2012-10-17",
        },
        "PolicyName": "PipelineDeployFindyIssuerToolDeploymentTestRoleDefaultPolicy973B6B71",
        "Roles": Array [
          Object {
            "Ref": "PipelineDeployFindyIssuerToolDeploymentTestRoleE9EF3A91",
          },
        ],
      },
      "Type": "AWS::IAM::Policy",
    },
    "PipelineDeployFindyIssuerToolDeploymentTestRoleE9EF3A91": Object {
      "Properties": Object {
        "AssumeRolePolicyDocument": Object {
          "Statement": Array [
            Object {
              "Action": "sts:AssumeRole",
              "Effect": "Allow",
              "Principal": Object {
                "Service": "codebuild.amazonaws.com",
              },
            },
          ],
          "Version": "2012-10-17",
        },
      },
      "Type": "AWS::IAM::Role",
    },
    "PipelineRoleB27FAA37": Object {
      "Properties": Object {
        "AssumeRolePolicyDocument": Object {
          "Statement": Array [
            Object {
              "Action": "sts:AssumeRole",
              "Effect": "Allow",
              "Principal": Object {
                "Service": "codepipeline.amazonaws.com",
              },
            },
          ],
          "Version": "2012-10-17",
        },
      },
      "Type": "AWS::IAM::Role",
    },
    "PipelineRoleDefaultPolicy7BDC1ABB": Object {
      "Properties": Object {
        "PolicyDocument": Object {
          "Statement": Array [
            Object {
              "Action": Array [
                "s3:GetObject*",
                "s3:GetBucket*",
                "s3:List*",
                "s3:DeleteObject*",
                "s3:PutObject",
                "s3:PutObjectLegalHold",
                "s3:PutObjectRetention",
                "s3:PutObjectTagging",
                "s3:PutObjectVersionTagging",
                "s3:Abort*",
              ],
              "Effect": "Allow",
              "Resource": Array [
                Object {
                  "Fn::GetAtt": Array [
                    "PipelineArtifactsBucketAEA9A052",
                    "Arn",
                  ],
                },
                Object {
                  "Fn::Join": Array [
                    "",
                    Array [
                      Object {
                        "Fn::GetAtt": Array [
                          "PipelineArtifactsBucketAEA9A052",
                          "Arn",
                        ],
                      },
                      "/*",
                    ],
                  ],
                },
              ],
            },
            Object {
              "Action": "sts:AssumeRole",
              "Effect": "Allow",
              "Resource": Object {
                "Fn::GetAtt": Array [
                  "PipelineSourcefindynetworkfindyissuertoolCodePipelineActionRole8D8B732F",
                  "Arn",
                ],
              },
            },
            Object {
              "Action": "sts:AssumeRole",
              "Effect": "Allow",
              "Resource": Object {
                "Fn::GetAtt": Array [
                  "PipelineCodeBuildActionRole226DB0CB",
                  "Arn",
                ],
              },
            },
            Object {
              "Action": "sts:AssumeRole",
              "Effect": "Allow",
              "Resource": Object {
                "Fn::Join": Array [
                  "",
                  Array [
                    "arn:",
                    Object {
                      "Ref": "AWS::Partition",
                    },
                    ":iam::123456789012:role/cdk-hnb659fds-deploy-role-123456789012-us-east-1",
                  ],
                ],
              },
            },
          ],
          "Version": "2012-10-17",
        },
        "PolicyName": "PipelineRoleDefaultPolicy7BDC1ABB",
        "Roles": Array [
          Object {
            "Ref": "PipelineRoleB27FAA37",
          },
        ],
      },
      "Type": "AWS::IAM::Policy",
    },
    "PipelineSourcefindynetworkfindyissuertoolCodePipelineActionRole8D8B732F": Object {
      "Properties": Object {
        "AssumeRolePolicyDocument": Object {
          "Statement": Array [
            Object {
              "Action": "sts:AssumeRole",
              "Effect": "Allow",
              "Principal": Object {
                "AWS": Object {
                  "Fn::Join": Array [
                    "",
                    Array [
                      "arn:",
                      Object {
                        "Ref": "AWS::Partition",
                      },
                      ":iam::123456789012:root",
                    ],
                  ],
                },
              },
            },
          ],
          "Version": "2012-10-17",
        },
      },
      "Type": "AWS::IAM::Role",
    },
    "PipelineSourcefindynetworkfindyissuertoolCodePipelineActionRoleDefaultPolicy1202AE0F": Object {
      "Properties": Object {
        "PolicyDocument": Object {
          "Statement": Array [
            Object {
              "Action": "codestar-connections:UseConnection",
              "Effect": "Allow",
              "Resource": Object {
                "Ref": "SsmParameterValuefindyissuertoolgithubconnectionarnC96584B6F00A464EAD1953AFF4B05118Parameter",
              },
            },
            Object {
              "Action": Array [
                "s3:GetObject*",
                "s3:GetBucket*",
                "s3:List*",
                "s3:DeleteObject*",
                "s3:PutObject",
                "s3:PutObjectLegalHold",
                "s3:PutObjectRetention",
                "s3:PutObjectTagging",
                "s3:PutObjectVersionTagging",
                "s3:Abort*",
              ],
              "Effect": "Allow",
              "Resource": Array [
                Object {
                  "Fn::GetAtt": Array [
                    "PipelineArtifactsBucketAEA9A052",
                    "Arn",
                  ],
                },
                Object {
                  "Fn::Join": Array [
                    "",
                    Array [
                      Object {
                        "Fn::GetAtt": Array [
                          "PipelineArtifactsBucketAEA9A052",
                          "Arn",
                        ],
                      },
                      "/*",
                    ],
                  ],
                },
              ],
            },
            Object {
              "Action": Array [
                "s3:PutObjectAcl",
                "s3:PutObjectVersionAcl",
              ],
              "Effect": "Allow",
              "Resource": Object {
                "Fn::Join": Array [
                  "",
                  Array [
                    Object {
                      "Fn::GetAtt": Array [
                        "PipelineArtifactsBucketAEA9A052",
                        "Arn",
                      ],
                    },
                    "/*",
                  ],
                ],
              },
            },
          ],
          "Version": "2012-10-17",
        },
        "PolicyName": "PipelineSourcefindynetworkfindyissuertoolCodePipelineActionRoleDefaultPolicy1202AE0F",
        "Roles": Array [
          Object {
            "Ref": "PipelineSourcefindynetworkfindyissuertoolCodePipelineActionRole8D8B732F",
          },
        ],
      },
      "Type": "AWS::IAM::Policy",
    },
    "PipelineUpdatePipelineSelfMutationDAA41400": Object {
      "Properties": Object {
        "Artifacts": Object {
          "Type": "CODEPIPELINE",
        },
        "Cache": Object {
          "Type": "NO_CACHE",
        },
        "Description": "Pipeline step MyTestStack/Pipeline/UpdatePipeline/SelfMutate",
        "EncryptionKey": "alias/aws/s3",
        "Environment": Object {
          "ComputeType": "BUILD_GENERAL1_SMALL",
          "EnvironmentVariables": Array [
            Object {
              "Name": "DOMAIN_NAME",
              "Type": "PARAMETER_STORE",
              "Value": "/findy-issuer-tool/domain-name",
            },
            Object {
              "Name": "SUB_DOMAIN_NAME",
              "Type": "PARAMETER_STORE",
              "Value": "/findy-issuer-tool/sub-domain-name",
            },
            Object {
              "Name": "WALLET_DOMAIN_NAME",
              "Type": "PARAMETER_STORE",
              "Value": "/findy-issuer-tool/wallet-domain-name",
            },
            Object {
              "Name": "CONF_BUCKET_NAME",
              "Type": "PLAINTEXT",
              "Value": Object {
                "Ref": "MyTestStackconfbucket3F056BA4",
              },
            },
            Object {
              "Name": "CONF_BUCKET_ARN",
              "Type": "PLAINTEXT",
              "Value": Object {
                "Fn::GetAtt": Array [
                  "MyTestStackconfbucket3F056BA4",
                  "Arn",
                ],
              },
            },
          ],
          "Image": "aws/codebuild/standard:5.0",
          "ImagePullCredentialsType": "CODEBUILD",
          "PrivilegedMode": false,
          "Type": "LINUX_CONTAINER",
        },
        "Name": "FindyIssuerToolPipeline-selfupdate",
        "ServiceRole": Object {
          "Fn::GetAtt": Array [
            "PipelineUpdatePipelineSelfMutationRole57E559E8",
            "Arn",
          ],
        },
        "Source": Object {
          "BuildSpec": "{
  \\"version\\": \\"0.2\\",
  \\"phases\\": {
    \\"install\\": {
      \\"commands\\": [
        \\"npm install -g aws-cdk@2\\"
      ]
    },
    \\"build\\": {
      \\"commands\\": [
        \\"cdk -a . deploy MyTestStack --require-approval=never --verbose\\"
      ]
    }
  }
}",
          "Type": "CODEPIPELINE",
        },
      },
      "Type": "AWS::CodeBuild::Project",
    },
    "PipelineUpdatePipelineSelfMutationRole57E559E8": Object {
      "Properties": Object {
        "AssumeRolePolicyDocument": Object {
          "Statement": Array [
            Object {
              "Action": "sts:AssumeRole",
              "Effect": "Allow",
              "Principal": Object {
                "Service": "codebuild.amazonaws.com",
              },
            },
          ],
          "Version": "2012-10-17",
        },
      },
      "Type": "AWS::IAM::Role",
    },
    "PipelineUpdatePipelineSelfMutationRoleDefaultPolicyA225DA4E": Object {
      "Properties": Object {
        "PolicyDocument": Object {
          "Statement": Array [
            Object {
              "Action": "ssm:GetParameters",
              "Effect": "Allow",
              "Resource": Array [
                Object {
                  "Fn::Join": Array [
                    "",
                    Array [
                      "arn:",
                      Object {
                        "Ref": "AWS::Partition",
                      },
                      ":ssm:us-east-1:123456789012:parameter/findy-issuer-tool/domain-name",
                    ],
                  ],
                },
                Object {
                  "Fn::Join": Array [
                    "",
                    Array [
                      "arn:",
                      Object {
                        "Ref": "AWS::Partition",
                      },
                      ":ssm:us-east-1:123456789012:parameter/findy-issuer-tool/sub-domain-name",
                    ],
                  ],
                },
                Object {
                  "Fn::Join": Array [
                    "",
                    Array [
                      "arn:",
                      Object {
                        "Ref": "AWS::Partition",
                      },
                      ":ssm:us-east-1:123456789012:parameter/findy-issuer-tool/wallet-domain-name",
                    ],
                  ],
                },
              ],
            },
            Object {
              "Action": Array [
                "logs:CreateLogGroup",
                "logs:CreateLogStream",
                "logs:PutLogEvents",
              ],
              "Effect": "Allow",
              "Resource": Array [
                Object {
                  "Fn::Join": Array [
                    "",
                    Array [
                      "arn:",
                      Object {
                        "Ref": "AWS::Partition",
                      },
                      ":logs:us-east-1:123456789012:log-group:/aws/codebuild/",
                      Object {
                        "Ref": "PipelineUpdatePipelineSelfMutationDAA41400",
                      },
                    ],
                  ],
                },
                Object {
                  "Fn::Join": Array [
                    "",
                    Array [
                      "arn:",
                      Object {
                        "Ref": "AWS::Partition",
                      },
                      ":logs:us-east-1:123456789012:log-group:/aws/codebuild/",
                      Object {
                        "Ref": "PipelineUpdatePipelineSelfMutationDAA41400",
                      },
                      ":*",
                    ],
                  ],
                },
              ],
            },
            Object {
              "Action": Array [
                "codebuild:CreateReportGroup",
                "codebuild:CreateReport",
                "codebuild:UpdateReport",
                "codebuild:BatchPutTestCases",
                "codebuild:BatchPutCodeCoverages",
              ],
              "Effect": "Allow",
              "Resource": Object {
                "Fn::Join": Array [
                  "",
                  Array [
                    "arn:",
                    Object {
                      "Ref": "AWS::Partition",
                    },
                    ":codebuild:us-east-1:123456789012:report-group/",
                    Object {
                      "Ref": "PipelineUpdatePipelineSelfMutationDAA41400",
                    },
                    "-*",
                  ],
                ],
              },
            },
            Object {
              "Action": "sts:AssumeRole",
              "Condition": Object {
                "ForAnyValue:StringEquals": Object {
                  "iam:ResourceTag/aws-cdk:bootstrap-role": Array [
                    "image-publishing",
                    "file-publishing",
                    "deploy",
                  ],
                },
              },
              "Effect": "Allow",
              "Resource": "arn:*:iam::123456789012:role/*",
            },
            Object {
              "Action": "cloudformation:DescribeStacks",
              "Effect": "Allow",
              "Resource": "*",
            },
            Object {
              "Action": "s3:ListBucket",
              "Effect": "Allow",
              "Resource": "*",
            },
            Object {
              "Action": Array [
                "s3:GetObject*",
                "s3:GetBucket*",
                "s3:List*",
              ],
              "Effect": "Allow",
              "Resource": Array [
                Object {
                  "Fn::GetAtt": Array [
                    "PipelineArtifactsBucketAEA9A052",
                    "Arn",
                  ],
                },
                Object {
                  "Fn::Join": Array [
                    "",
                    Array [
                      Object {
                        "Fn::GetAtt": Array [
                          "PipelineArtifactsBucketAEA9A052",
                          "Arn",
                        ],
                      },
                      "/*",
                    ],
                  ],
                },
              ],
            },
          ],
          "Version": "2012-10-17",
        },
        "PolicyName": "PipelineUpdatePipelineSelfMutationRoleDefaultPolicyA225DA4E",
        "Roles": Array [
          Object {
            "Ref": "PipelineUpdatePipelineSelfMutationRole57E559E8",
          },
        ],
      },
      "Type": "AWS::IAM::Policy",
    },
  },
  "Rules": Object {
    "CheckBootstrapVersion": Object {
      "Assertions": Array [
        Object {
          "Assert": Object {
            "Fn::Not": Array [
              Object {
                "Fn::Contains": Array [
                  Array [
                    "1",
                    "2",
                    "3",
                    "4",
                    "5",
                  ],
                  Object {
                    "Ref": "BootstrapVersion",
                  },
                ],
              },
            ],
          },
          "AssertDescription": "CDK bootstrap stack version 6 required. Please run 'cdk bootstrap' with a recent version of the CDK CLI.",
        },
      ],
    },
  },
}
`;
